// Jest Snapshot v1, https://goo.gl/fbAQLP

exports[`<Logo /> Logo snapshot 1`] = `
<div
  className="logo"
>
  <a
    className="logo__link"
    href="/"
  >
    <img
      alt="euka logo"
      className="logo__image"
      src="test-file-stub"
    />
  </a>
</div>
`;
